2026-09-16 12:45:00 ERROR [AuthService] Failed login attempt from unauthorized IP: database connection timeout
